{"tasUsed":false,"version":"V0.17.18","mod":[],"mode":"sprint_10l","date":"2024/08/13 18:06:29","player":"NOT_A_ROBOT","seed":366416689,"setting":{"nextPos":true,"score":true,"face":[0,0,0,0,0,0,0,0,0,0,0,0,0,0,0,0,0,0,0,0,0,0,0,0,0,0,0,0,0],"skin":[1,7,11,3,14,4,9,1,7,2,6,10,2,13,5,9,15,4,11,3,10,2,16,8,4,10,13,2,8],"center":1,"block":true,"bagLine":true,"lockFX":0,"das":3,"ghost":1,"sddas":0,"sdarr":0,"smooth":true,"atkFX":0,"highCam":true,"warn":true,"dascut":0,"RS":"TRS","grid":0.4,"shakeFX":0,"splashFX":0,"clearFX":0,"moveFX":0,"dropcut":0,"ihs":true,"irs":true,"ims":false,"dropFX":0,"text":true,"arr":0},"inputs":[]}